AR main behavioral C:/New_Blank_Circuit/circuit/Main.vhd sub00/vhpl06 1489065396
AR utility behavioral C:/New_Blank_Circuit/circuit/250K/Utility.vhf sub00/vhpl08 1489065470
EN main NULL C:/New_Blank_Circuit/circuit/Main.vhd sub00/vhpl05 1489065395
EN ram_16x1s NULL C:/New_Blank_Circuit/circuit/Main.vhd sub00/vhpl00 1489066273
AR ram_16x4s xilinx C:/New_Blank_Circuit/circuit/Main.vhd sub00/vhpl03 1489066276
EN ram_16x4s NULL C:/New_Blank_Circuit/circuit/Main.vhd sub00/vhpl02 1489066275
EN utility NULL C:/New_Blank_Circuit/circuit/250K/Utility.vhf sub00/vhpl07 1489065469
AR ram_16x1s xilinx1 C:/New_Blank_Circuit/circuit/Main.vhd sub00/vhpl04 1489061630
AR ram_16x1s xilinx C:/New_Blank_Circuit/circuit/Main.vhd sub00/vhpl01 1489066274
