Release 14.7 - xst P.20131013 (nt)
Copyright (c) 1995-2013 Xilinx, Inc.  All rights reserved.
--> Parameter TMPDIR set to xst/projnav.tmp


Total REAL time to Xst completion: 0.00 secs
Total CPU time to Xst completion: 0.13 secs
 
--> Parameter xsthdpdir set to xst


Total REAL time to Xst completion: 0.00 secs
Total CPU time to Xst completion: 0.13 secs
 
--> Reading design: Utility.prj

TABLE OF CONTENTS
  1) Synthesis Options Summary
  2) HDL Parsing
  3) HDL Elaboration
  4) HDL Synthesis
       4.1) HDL Synthesis Report
  5) Advanced HDL Synthesis
       5.1) Advanced HDL Synthesis Report
  6) Low Level Synthesis
  7) Partition Report
  8) Design Summary
       8.1) Primitive and Black Box Usage
       8.2) Device utilization summary
       8.3) Partition Resource Summary
       8.4) Timing Report
            8.4.1) Clock Information
            8.4.2) Asynchronous Control Signals Information
            8.4.3) Timing Summary
            8.4.4) Timing Details
            8.4.5) Cross Clock Domains Report


=========================================================================
*                      Synthesis Options Summary                        *
=========================================================================
---- Source Parameters
Input File Name                    : "Utility.prj"
Ignore Synthesis Constraint File   : NO

---- Target Parameters
Output File Name                   : "Utility"
Output Format                      : NGC
Target Device                      : xc6slx9-2-tqg144

---- Source Options
Top Module Name                    : Utility
Automatic FSM Extraction           : YES
FSM Encoding Algorithm             : Auto
Safe Implementation                : No
FSM Style                          : LUT
RAM Extraction                     : Yes
RAM Style                          : Auto
ROM Extraction                     : Yes
Shift Register Extraction          : YES
ROM Style                          : Auto
Resource Sharing                   : YES
Asynchronous To Synchronous        : NO
Shift Register Minimum Size        : 2
Use DSP Block                      : Auto
Automatic Register Balancing       : No

---- Target Options
LUT Combining                      : Auto
Reduce Control Sets                : Auto
Add IO Buffers                     : YES
Global Maximum Fanout              : 100000
Add Generic Clock Buffer(BUFG)     : 16
Register Duplication               : YES
Optimize Instantiated Primitives   : NO
Use Clock Enable                   : Auto
Use Synchronous Set                : Auto
Use Synchronous Reset              : Auto
Pack IO Registers into IOBs        : Auto
Equivalent register Removal        : YES

---- General Options
Optimization Goal                  : Speed
Optimization Effort                : 1
Power Reduction                    : NO
Keep Hierarchy                     : No
Netlist Hierarchy                  : As_Optimized
RTL Output                         : Yes
Global Optimization                : AllClockNets
Read Cores                         : YES
Write Timing Constraints           : NO
Cross Clock Analysis               : NO
Hierarchy Separator                : /
Bus Delimiter                      : <>
Case Specifier                     : Maintain
Slice Utilization Ratio            : 100
BRAM Utilization Ratio             : 100
DSP48 Utilization Ratio            : 100
Auto BRAM Packing                  : NO
Slice Utilization Ratio Delta      : 5

---- Other Options
Cores Search Directories           : {"../../../DesignLab-1.0.8/libraries/Benchy" "../../../DesignLab-1.0.8/libraries/BitCoin_Miner" "../../../DesignLab-1.0.8/libraries/Building_Blocks" "../../../DesignLab-1.0.8/libraries/Clocks" "../../../DesignLab-1.0.8/libraries/Gameduino" "../../../DesignLab-1.0.8/libraries/HQVGA" "../../../DesignLab-1.0.8/libraries/Papilio_Hardware" "../../../DesignLab-1.0.8/libraries/RGB_Matrix" "../../../DesignLab-1.0.8/libraries/Robot_Control_Library" "../../../DesignLab-1.0.8/libraries/VGA_ZPUino" "../../../DesignLab-1.0.8/libraries/VGA_ZXSpectrum" "../../../DesignLab-1.0.8/libraries/ZPUino_2" "../../../DesignLab-1.0.8/libraries/ZPUino_Wishbone_Peripherals"  }

=========================================================================


=========================================================================
*                          HDL Parsing                                  *
=========================================================================
Parsing VHDL file "C:\DesignLab-1.0.8\libraries\Papilio_Hardware\Wing_GPIO.vhd" into library DesignLab
Parsing entity <Wing_GPIO>.
Parsing architecture <Behavioral> of entity <wing_gpio>.
Parsing VHDL file "C:\New_Blank_Circuit\circuit\DUO_LX9\Utility.vhf" into library work
Parsing entity <Utility>.
Parsing architecture <BEHAVIORAL> of entity <utility>.

=========================================================================
*                            HDL Elaboration                            *
=========================================================================

Elaborating entity <Utility> (architecture <BEHAVIORAL>) from library <work>.

Elaborating entity <Wing_GPIO> (architecture <Behavioral>) from library <designlab>.

=========================================================================
*                           HDL Synthesis                               *
=========================================================================

Synthesizing Unit <Utility>.
    Related source file is "C:\New_Blank_Circuit\circuit\DUO_LX9\Utility.vhf".
WARNING:Xst:647 - Input <ext_pins_in> is never used. This port will be preserved and left unconnected if it belongs to a top-level block or it belongs to a sub-block and the hierarchy of this sub-block is preserved.
WARNING:Xst:647 - Input <CLK> is never used. This port will be preserved and left unconnected if it belongs to a top-level block or it belongs to a sub-block and the hierarchy of this sub-block is preserved.
WARNING:Xst:647 - Input <RXD> is never used. This port will be preserved and left unconnected if it belongs to a top-level block or it belongs to a sub-block and the hierarchy of this sub-block is preserved.
WARNING:Xst:2563 - Inout <XLXN_326> is never assigned. Tied to value Z.
WARNING:Xst:2563 - Inout <XLXN_328> is never assigned. Tied to value Z.
WARNING:Xst:2563 - Inout <XLXN_330> is never assigned. Tied to value Z.
WARNING:Xst:2563 - Inout <XLXN_332> is never assigned. Tied to value Z.
WARNING:Xst:2563 - Inout <XLXN_334> is never assigned. Tied to value Z.
WARNING:Xst:2563 - Inout <XLXN_336> is never assigned. Tied to value Z.
    Found 8-bit tristate buffer for signal <XLXN_326> created at line 146
    Found 8-bit tristate buffer for signal <XLXN_328> created at line 148
    Found 8-bit tristate buffer for signal <XLXN_330> created at line 150
    Found 8-bit tristate buffer for signal <XLXN_332> created at line 152
    Found 8-bit tristate buffer for signal <XLXN_334> created at line 154
    Found 8-bit tristate buffer for signal <XLXN_336> created at line 156
    Summary:
	inferred   6 Tristate(s).
Unit <Utility> synthesized.

Synthesizing Unit <Wing_GPIO>.
    Related source file is "C:\DesignLab-1.0.8\libraries\Papilio_Hardware\Wing_GPIO.vhd".
    Summary:
	no macro.
Unit <Wing_GPIO> synthesized.

=========================================================================
HDL Synthesis Report

Macro Statistics
# Tristates                                            : 6
 8-bit tristate buffer                                 : 6

=========================================================================

=========================================================================
*                       Advanced HDL Synthesis                          *
=========================================================================

WARNING:Xst:1290 - Hierarchical block <XLXI_22> is unconnected in block <Utility>.
   It will be removed from the design.
WARNING:Xst:1290 - Hierarchical block <XLXI_23> is unconnected in block <Utility>.
   It will be removed from the design.
WARNING:Xst:1290 - Hierarchical block <XLXI_24> is unconnected in block <Utility>.
   It will be removed from the design.
WARNING:Xst:1290 - Hierarchical block <XLXI_25> is unconnected in block <Utility>.
   It will be removed from the design.
WARNING:Xst:1290 - Hierarchical block <XLXI_26> is unconnected in block <Utility>.
   It will be removed from the design.
WARNING:Xst:1290 - Hierarchical block <XLXI_27> is unconnected in block <Utility>.
   It will be removed from the design.

=========================================================================
Advanced HDL Synthesis Report

Found no macro
=========================================================================

=========================================================================
*                         Low Level Synthesis                           *
=========================================================================

Optimizing unit <Utility> ...

Mapping all equations...
Building and optimizing final netlist ...
Found area constraint ratio of 100 (+ 5) on block Utility, actual ratio is 0.

Final Macro Processing ...

=========================================================================
Final Register Report

Found no macro
=========================================================================

=========================================================================
*                           Partition Report                            *
=========================================================================

Partition Implementation Status
-------------------------------

  No Partitions were found in this design.

-------------------------------

=========================================================================
*                            Design Summary                             *
=========================================================================

Top Level Output File Name         : Utility.ngc

Primitive and Black Box Usage:
------------------------------
# BELS                             : 1
#      INV                         : 1
# IO Buffers                       : 2
#      IBUF                        : 1
#      OBUF                        : 1

Device utilization summary:
---------------------------

Selected Device : 6slx9tqg144-2 


Slice Logic Utilization: 
 Number of Slice LUTs:                    1  out of   5720     0%  
    Number used as Logic:                 1  out of   5720     0%  

Slice Logic Distribution: 
 Number of LUT Flip Flop pairs used:      1
   Number with an unused Flip Flop:       1  out of      1   100%  
   Number with an unused LUT:             0  out of      1     0%  
   Number of fully used LUT-FF pairs:     0  out of      1     0%  
   Number of unique control sets:         0

IO Utilization: 
 Number of IOs:                         412
 Number of bonded IOBs:                   2  out of    102     1%  

Specific Feature Utilization:

---------------------------
Partition Resource Summary:
---------------------------

  No Partitions were found in this design.

---------------------------


=========================================================================
Timing Report

NOTE: THESE TIMING NUMBERS ARE ONLY A SYNTHESIS ESTIMATE.
      FOR ACCURATE TIMING INFORMATION PLEASE REFER TO THE TRACE REPORT
      GENERATED AFTER PLACE-and-ROUTE.

Clock Information:
------------------
No clock signals found in this design

Asynchronous Control Signals Information:
----------------------------------------
No asynchronous control signals found in this design

Timing Summary:
---------------
Speed Grade: -2

   Minimum period: No path found
   Minimum input arrival time before clock: No path found
   Maximum output required time after clock: No path found
   Maximum combinational path delay: 6.312ns

Timing Details:
---------------
All values displayed in nanoseconds (ns)

=========================================================================
Timing constraint: Default path analysis
  Total number of paths / destination ports: 1 / 1
-------------------------------------------------------------------------
Delay:               6.312ns (Levels of Logic = 3)
  Source:            DUO_SW1 (PAD)
  Destination:       ARD_RESET (PAD)

  Data Path: DUO_SW1 to ARD_RESET
                                Gate     Net
    Cell:in->out      fanout   Delay   Delay  Logical Name (Net Name)
    ----------------------------------------  ------------
     IBUF:I->O             1   1.328   0.681  DUO_SW1_IBUF (DUO_SW1_IBUF)
     INV:I->O              1   0.710   0.681  XLXI_48 (ARD_RESET_OBUF)
     OBUF:I->O                 2.912          ARD_RESET_OBUF (ARD_RESET)
    ----------------------------------------
    Total                      6.312ns (4.950ns logic, 1.362ns route)
                                       (78.4% logic, 21.6% route)

=========================================================================

Cross Clock Domains Report:
--------------------------

=========================================================================


Total REAL time to Xst completion: 4.00 secs
Total CPU time to Xst completion: 4.09 secs
 
--> 

Total memory usage is 254124 kilobytes

Number of errors   :    0 (   0 filtered)
Number of warnings :   15 (   0 filtered)
Number of infos    :    0 (   0 filtered)

